// Jest Snapshot v1, https://goo.gl/fbAQLP

exports[`CaseSelectionModal matches the snapshot 1`] = `ShallowWrapper {}`;
