// Jest Snapshot v1, https://goo.gl/fbAQLP

exports[`OrderResultsContainer Should render like snapshot 1`] = `undefined`;
