// Jest Snapshot v1, https://goo.gl/fbAQLP

exports[`InputContainer Should render like snapshot 1`] = `ShallowWrapper {}`;
