// Jest Snapshot v1, https://goo.gl/fbAQLP

exports[`OrdersModal should render like snapshot 1`] = `ShallowWrapper {}`;
