// Jest Snapshot v1, https://goo.gl/fbAQLP

exports[`ResultsModal matches the snapshot 1`] = `undefined`;
