// Jest Snapshot v1, https://goo.gl/fbAQLP

exports[`Simulator matches the snapshot 1`] = `ShallowWrapper {}`;
