// Jest Snapshot v1, https://goo.gl/fbAQLP

exports[`InputCard Should render like snapshot 1`] = `ShallowWrapper {}`;
