// Jest Snapshot v1, https://goo.gl/fbAQLP

exports[`Textbook matches the snapshot 1`] = `ShallowWrapper {}`;
