// Jest Snapshot v1, https://goo.gl/fbAQLP

exports[`OrderResultsCard Should render like snapshot 1`] = `ShallowWrapper {}`;
